<!doctype html>
<html>
  <title>Post 2</title>
  <link href="../../foo.txt" />
  <body>
    <div><a href="../..">Home</a></div>
    
<div>Post 2</div>

  </body>
</html>