<!doctype html>
<html>
  <title>Post 1</title>
  <link href="../../foo.txt" />
  <body>
    <div><a href="../..">Home</a></div>
    
<div>Post 1</div>

  </body>
</html>