<!doctype html>
<html>
  <title>Post 2</title>
  <body>
    <div><a href="../index.html">Home</a></div>
    
<div>Post 2</div>

  </body>
</html>