<!doctype html>
<html>
  <title>Post 3</title>
  <body>
    <div><a href="../..">Home</a></div>
    
<div>Post 3</div>

  </body>
</html>