<!doctype html>
<html>
  <title>My test blog</title>
  <link href="foo.txt" />
  <body>
    
    
  

  
    <div><a href="posts/post-1.html">Post 1</a></div>
  
    <div><a href="posts/post-2.html">Post 2</a></div>
  
    <div><a href="posts/post-3.html">Post 3</a></div>
  


  </body>
</html>